Kartend-release-Nov-23-2025-182853/
Kartend-release-Nov-23-2025-182853/src/
Kartend-release-Nov-23-2025-182853/src/assets/
Kartend-release-Nov-23-2025-182853/src/assets/icons/
Kartend-release-Nov-23-2025-182853/src/assets/icons/tag-events.png
Kartend-release-Nov-23-2025-182853/src/assets/icon.svg
Kartend-release-Nov-23-2025-182853/src/assets/resources.qrc
Kartend-release-Nov-23-2025-182853/src/core/
Kartend-release-Nov-23-2025-182853/src/core/main.cpp
Kartend-release-Nov-23-2025-182853/src/core/mainwindow.cpp
Kartend-release-Nov-23-2025-182853/src/core/mainwindow.h
Kartend-release-Nov-23-2025-182853/src/core/mainwindow.ui
Kartend-release-Nov-23-2025-182853/src/managers/
Kartend-release-Nov-23-2025-182853/src/managers/artworkmanager.cpp
Kartend-release-Nov-23-2025-182853/src/managers/artworkmanager.h
Kartend-release-Nov-23-2025-182853/src/managers/cachemanager.cpp
Kartend-release-Nov-23-2025-182853/src/managers/cachemanager.h
Kartend-release-Nov-23-2025-182853/src/managers/databasemanager.cpp
Kartend-release-Nov-23-2025-182853/src/managers/databasemanager.h
Kartend-release-Nov-23-2025-182853/src/managers/databaseworker.cpp
Kartend-release-Nov-23-2025-182853/src/managers/databaseworker.h
Kartend-release-Nov-23-2025-182853/src/managers/interactionmanager.cpp
Kartend-release-Nov-23-2025-182853/src/managers/interactionmanager.h
Kartend-release-Nov-23-2025-182853/src/managers/navigationmanager.cpp
Kartend-release-Nov-23-2025-182853/src/managers/navigationmanager.h
Kartend-release-Nov-23-2025-182853/src/managers/scrollmanager.cpp
Kartend-release-Nov-23-2025-182853/src/managers/scrollmanager.h
Kartend-release-Nov-23-2025-182853/src/managers/sessionmanager.cpp
Kartend-release-Nov-23-2025-182853/src/managers/sessionmanager.h
Kartend-release-Nov-23-2025-182853/src/managers/settingsmanager.cpp
Kartend-release-Nov-23-2025-182853/src/managers/settingsmanager.h
Kartend-release-Nov-23-2025-182853/src/managers/sidebarmanager.cpp
Kartend-release-Nov-23-2025-182853/src/managers/sidebarmanager.h
Kartend-release-Nov-23-2025-182853/src/managers/uimanager.cpp
Kartend-release-Nov-23-2025-182853/src/managers/uimanager.h
Kartend-release-Nov-23-2025-182853/src/ui/
Kartend-release-Nov-23-2025-182853/src/ui/dialogs/
Kartend-release-Nov-23-2025-182853/src/ui/dialogs/settingsdialog.cpp
Kartend-release-Nov-23-2025-182853/src/ui/dialogs/settingsdialog.h
Kartend-release-Nov-23-2025-182853/src/ui/dialogs/settingsdialog.ui
Kartend-release-Nov-23-2025-182853/src/ui/widgets/
Kartend-release-Nov-23-2025-182853/src/ui/widgets/itemwidget.cpp
Kartend-release-Nov-23-2025-182853/src/ui/widgets/itemwidget.h
Kartend-release-Nov-23-2025-182853/src/ui/widgets/itemwidget.ui
Kartend-release-Nov-23-2025-182853/src/ui/widgets/metadatasidebar.cpp
Kartend-release-Nov-23-2025-182853/src/ui/widgets/metadatasidebar.h
Kartend-release-Nov-23-2025-182853/src/ui/widgets/metadatasidebar.ui
Kartend-release-Nov-23-2025-182853/src/ui/uiconstants.h
Kartend-release-Nov-23-2025-182853/src/utils/
Kartend-release-Nov-23-2025-182853/src/utils/collectionconfig.h
Kartend-release-Nov-23-2025-182853/src/utils/extensionutils.cpp
Kartend-release-Nov-23-2025-182853/src/utils/extensionutils.h
Kartend-release-Nov-23-2025-182853/src/utils/gridutils.h
Kartend-release-Nov-23-2025-182853/src/utils/pathutils.cpp
Kartend-release-Nov-23-2025-182853/src/utils/pathutils.h
Kartend-release-Nov-23-2025-182853/src/utils/propertyutils.h
Kartend-release-Nov-23-2025-182853/src/utils/timerutils.cpp
Kartend-release-Nov-23-2025-182853/src/utils/timerutils.h
Kartend-release-Nov-23-2025-182853/CMakeLists.txt
Kartend-release-Nov-23-2025-182853/readme.md
