[  0%] Built target kartend_autogen_timestamp_deps
[  3%] Automatic MOC and UIC for target kartend
[  3%] Built target kartend_autogen
[ 11%] Generating ui_mainwindow.h
[ 11%] Generating ui_itemwidget.h
[ 14%] Generating ui_metadatasidebar.h
[ 18%] Automatic RCC for src/assets/resources.qrc
[ 22%] Generating ui_settingsdialog.h
[ 25%] Building CXX object CMakeFiles/kartend.dir/src/managers/artworkmanager.cpp.o
[ 29%] Building CXX object CMakeFiles/kartend.dir/src/core/main.cpp.o
[ 33%] Building CXX object CMakeFiles/kartend.dir/kartend_autogen/mocs_compilation.cpp.o
[ 37%] Building CXX object CMakeFiles/kartend.dir/src/managers/cachemanager.cpp.o
[ 40%] Building CXX object CMakeFiles/kartend.dir/src/managers/settingsmanager.cpp.o
[ 44%] Building CXX object CMakeFiles/kartend.dir/src/managers/navigationmanager.cpp.o
[ 48%] Building CXX object CMakeFiles/kartend.dir/src/managers/sidebarmanager.cpp.o
[ 51%] Building CXX object CMakeFiles/kartend.dir/src/managers/scrollmanager.cpp.o
[ 55%] Building CXX object CMakeFiles/kartend.dir/src/managers/interactionmanager.cpp.o
[ 59%] Building CXX object CMakeFiles/kartend.dir/src/ui/dialogs/settingsdialog.cpp.o
[ 62%] Building CXX object CMakeFiles/kartend.dir/src/core/mainwindow.cpp.o
[ 66%] Building CXX object CMakeFiles/kartend.dir/src/ui/widgets/metadatasidebar.cpp.o
[ 77%] Building CXX object CMakeFiles/kartend.dir/src/ui/widgets/itemwidget.cpp.o
[ 77%] Building CXX object CMakeFiles/kartend.dir/src/managers/databaseworker.cpp.o
[ 77%] Building CXX object CMakeFiles/kartend.dir/src/managers/databasemanager.cpp.o
[ 81%] Building CXX object CMakeFiles/kartend.dir/kartend_autogen/7WA7TAYJOR/qrc_resources.cpp.o
[ 85%] Building CXX object CMakeFiles/kartend.dir/src/managers/sessionmanager.cpp.o
[ 88%] Building CXX object CMakeFiles/kartend.dir/src/utils/extensionutils.cpp.o
[ 92%] Building CXX object CMakeFiles/kartend.dir/src/utils/timerutils.cpp.o
[ 96%] Building CXX object CMakeFiles/kartend.dir/src/utils/pathutils.cpp.o
/home/carl/Documents/Programming/Kartend/src/core/mainwindow.cpp:36:37: warning: field 'm_interactionManager' will be initialized after field 'currentCollectionIndex' [-Wreorder-ctor]
   33 |       m_metadataSidebar(nullptr),
      |       ~~~~~~~~~~~~~~~~~~~~~~~~~~
      |       currentCollectionIndex(-1)
   34 |       m_settingsManager(nullptr),
      |       ~~~~~~~~~~~~~~~~~~~~~~~~~~
      |       m_metadataSidebar(nullptr)
   35 |       m_databaseManager(nullptr), m_scrollManager(nullptr),
      |       ~~~~~~~~~~~~~~~~~~~~~~~~~~  ~~~~~~~~~~~~~~~~~~~~~~~~
      |       m_settingsManager(nullptr)  m_databaseManager(nullptr)
   36 |       m_navigationManager(nullptr), m_interactionManager(nullptr),
      |       ~~~~~~~~~~~~~~~~~~~~~~~~~~~~  ^~~~~~~~~~~~~~~~~~~~~~~~~~~~~
      |       m_scrollManager(nullptr)      m_navigationManager(nullptr)
   37 |       currentCollectionIndex(-1) {
      |       ~~~~~~~~~~~~~~~~~~~~~~~~~~
      |       m_interactionManager(nullptr)
1 warning generated.
[100%] Linking CXX executable kartend
[100%] Built target kartend
